primenet.py: main loop: Enable testing url request and responses
primenet.py: submit_work: No complete results found to send.
primenet.py: get_progress_assignment: type = DoubleCheck, assignment_id = 5FFFA71F8C4551B8A519C1E68E8F62F1
primenet.py: compute_progress: p:56601163 is 0.04% done
primenet.py: compute_progress: Finish estimated in 42.0 days (used 64.1 msec/iter estimation)
primenet.py: send_progress: Update correctly send to server
primenet.py: get_assignment: ./worktodo.ini already has 4 >= 3 entries, not getting new work
