primenet.py: main loop: Enable testing url request and responses
primenet.py: submit_work: No complete results found to send.
primenet.py: get_progress_assignment: type = DoubleCheck, assignment_id = 5FFFA71F8C4551B8A519C1E68E8F62F1
primenet.py: update_progress: p:56601163 is 0.00% done
primenet.py: update_progress: Finish cannot be estimated
primenet.py: send_request: ERROR receiving answer to request: http://v5.mersenne.org/v5server/?px=GIMPS&v=0.95&t=ap&k=5FFFA71F8C4551B8A519C1E68E8F62F1&p=0.0&d=86400&e=604800&c=0&stage=LL&g=07bd50dc0489bb4a44da5639df9889a8&ss=15595&sh=ECB34DDD01018DC096F7B5B997D0DC2C
primenet.py: send_request: HTTP Error 405: Resource Not Allowed
primenet.py: send_progress: ERROR while updating on mersenne.org
primenet.py: get_assignment: ./worktodo.ini already has 1 >= 1 entries, not getting new work
