primenet.py: main loop: Enable testing url request and responses
primenet.py: submit_work: No complete results found to send.
primenet.py: get_progress_assignment: type = DoubleCheck, assignment_id = 0D8738E44772802C88860336AC2C84EE
primenet.py: send_progress: Cannot update, the registration is not done
primenet.py: send_progress: Call primenet.py with --register option
primenet.py: get_assignment: ./worktodo.ini already has 2 >= 1 entries, not getting new work
