primenet.py: main loop: Enable testing url request and responses
primenet.py: submit_work: No complete results found to send.
primenet.py: get_progress_assignment: type = DoubleCheck, assignment_id = E2C5A556F3E290454CC5CEECF2156B59
primenet.py: update_progress: p:55058951 is 99.37% done
primenet.py: update_progress: Finish estimated in 0.0 days (used 5.5 msec/iter estimation)
primenet.py: send_progress: Update correctly send to server
primenet.py: get_assignment: Time_left is 1922 and smaller than limit (86400), so num_cache is increased by one to 2
primenet.py: get_assignment: Fetching 1 assignments
primenet.py: primenet_fetch: Fetching work via URL = https://www.mersenne.org/manual_assignment/?cores=1&num_to_get=1&pref=101&exp_lo=&exp_hi=&B1=Get+Assignments
primenet.py: get_assignment: Fetched 1 assignments:
primenet.py: get_assignment: DoubleCheck=3357826DC35D8A9450EF9064EB5E280B,55172981,74,1
primenet.py: main loop: Redo progress update to update the just obtained assignment
primenet.py: get_progress_assignment: type = DoubleCheck, assignment_id = E2C5A556F3E290454CC5CEECF2156B59
primenet.py: update_progress: p:55058951 is 99.37% done
primenet.py: update_progress: Finish estimated in 0.0 days (used 5.5 msec/iter estimation)
primenet.py: send_progress: Update correctly send to server
primenet.py: get_progress_assignment: type = DoubleCheck, assignment_id = 3357826DC35D8A9450EF9064EB5E280B
primenet.py: update_progress: p:55172981 is 0.00% done
primenet.py: update_progress: Finish estimated in 3.5 days (used 5.5 msec/iter estimation)
primenet.py: send_progress: Update correctly send to server
