primenet.py: main loop: Enable testing url request and responses
primenet.py: submit_work: No complete results found to send.
primenet.py: update_progress: assignment_id = 9DB0472B5DA39EB51D467740609A0CD1
primenet.py: parse_stat_file: p:54949211 is 0.02% done
primenet.py: parse_stat_file: Finish estimated in 40.8 days (used 64.1 msec/iter estimation)
primenet.py: update_progress: Update correctly send to server
primenet.py: get_assignment: ./worktodo.ini already has 4 >= 3 entries, not getting new work
